ASxxxx Linker V03.00/V05.40 + sdld,  page 1.
Hexadecimal  [32-Bits]

Area                                    Addr        Size        Decimal Bytes (Attributes)
--------------------------------        ----        ----        ------- ----- ------------
.  .ABS.                            00000000    00000000 =           0. bytes (ABS,CON)

      Value  Global                              Global Defined In Module
      -----  --------------------------------   ------------------------
     00000000  .__.ABS.                           
     00000000  _rRAMG                             
     00000000  l__BASE                         
     00000000  l__BSS                          
     00000000  l__CABS                         
     00000000  l__CODE_0                       
     00000000  l__CRASH_HEADER                 
     00000000  l__CRASH_SCRATCH                
     00000000  l__DABS                         
     00000000  l__HEADER                       
     00000000  l__HEADER_LCD                   
     00000000  l__HEADER_SIO                   
     00000000  l__HEADER_TIMER                 
     00000000  l__HEAP                         
     00000000  l__HEAP_END                     
     00000000  l__HRAM                         
     00000000  l__LIT                          
     00000000  s__CABS                         
     00000000  s__CRASH_HEADER                 
     00000000  s__CRASH_HEADER0                
     00000000  s__CRASH_HEADER1                
     00000000  s__CRASH_SCRATCH                
     00000000  s__CRASH_SCRATCH2               
     00000000  s__DABS                         
     00000000  s__HEADER                       
     00000000  s__HEADER0                      
     00000000  s__HEADER1                      
     00000000  s__HEADER10                     
     00000000  s__HEADER11                     
     00000000  s__HEADER2                      
     00000000  s__HEADER3                      
     00000000  s__HEADER4                      
     00000000  s__HEADER5                      
     00000000  s__HEADER6                      
     00000000  s__HEADER7                      
     00000000  s__HEADER8                      
     00000000  s__HEADER9                      
     00000000  s__HEADER_LCD                   
     00000000  s__HEADER_LCD0                  
     00000000  s__HEADER_SIO                   
     00000000  s__HEADER_SIO0                  
     00000000  s__HEADER_TIMER                 
     00000000  s__HEADER_TIMER0                
     00000000  s__HEADERa                      
     00000000  s__HEADERb                      
     00000000  s__HEADERc                      
     00000000  s__HEADERd                      
     00000000  s__HEADERe                      
     00000000  s__HEADERf                      
     00000000  s__HRAM                         
ASxxxx Linker V03.00/V05.40 + sdld,  page 2.
Hexadecimal  [32-Bits]

Area                                    Addr        Size        Decimal Bytes (Attributes)
--------------------------------        ----        ----        ------- ----- ------------
.  .ABS.                            00000000    00000000 =           0. bytes (ABS,CON)

      Value  Global                              Global Defined In Module
      -----  --------------------------------   ------------------------
     00000000  s__HRAM12                       
     00000001  ___bank_VM_SGB                     vm_sgb
     00000001  ___bank_bg_forest_area_tileset     bg_forest_area_tileset
     00000001  ___bank_song_bs_freecity_night_n   song_bs_freecity_night_nodr_
     00000001  b_platform_init                    platform
     00000001  b_platform_update                  platform
     00000001  b_ui_draw_frame                    ui
     00000001  b_ui_draw_text_buffer_char         ui
     00000001  b_ui_init                          ui
     00000001  b_ui_load_tiles                    ui
     00000001  b_ui_run_menu                      ui
     00000001  b_ui_run_modal                     ui
     00000001  b_ui_set_start_tile                ui
     00000001  l__GSFINAL                      
     00000001  l__HEADER0                      
     00000001  l__HEADER5                      
     00000001  l__HEADERa                      
     00000001  l__HEADERb                      
     00000001  l__HEADERc                      
     00000001  l__HEADERe                      
     00000001  l__HEADERf                      
     00000002  ___bank_bg_cave_castle_tilemap     bg_cave_castle_tilemap
     00000002  ___bank_bg_cave_castle_tilemap_a   bg_cave_castle_tilemap_attr
     00000002  ___bank_bootstrap_script           
     00000002  ___bank_song_bs_free_scifimenu_D   song_bs_free_scifimenu_Data
     00000002  l__HEADER10                     
     00000002  l__HEADER6                      
     00000002  l__HEADERd                      
     00000003  ___bank_ACTOR                      actor
     00000003  ___bank_VM_MAIN                    vm
     00000003  ___bank_scene_1_sprites            scene_1_sprites
     00000003  ___bank_scene_23_collisions        scene_23_collisions
     00000003  ___bank_sprite_mantis_boss         sprite_mantis_boss
     00000003  b_activate_actor                   actor
     00000003  b_activate_actors_in_col           actor
     00000003  b_activate_actors_in_row           actor
     00000003  b_actor_at_tile                    actor
     00000003  b_actor_get_frame_offset           actor
     00000003  b_actor_in_front_of_player         actor
     00000003  b_actor_overlapping_bb             actor
     00000003  b_actor_overlapping_player         actor
     00000003  b_actor_set_anim_idle              actor
     00000003  b_actor_set_anim_moving            actor
     00000003  b_actor_set_dir                    actor
     00000003  b_actor_set_frame_offset           actor
     00000003  b_actor_set_frames                 actor
     00000003  b_actors_handle_player_collision   actor
     00000003  b_actors_init                      actor
     00000003  b_check_collision_in_direction     actor
     00000003  b_deactivate_actor                 actor
     00000003  b_player_init                      actor
ASxxxx Linker V03.00/V05.40 + sdld,  page 3.
Hexadecimal  [32-Bits]

Area                                    Addr        Size        Decimal Bytes (Attributes)
--------------------------------        ----        ----        ------- ----- ------------
.  .ABS.                            00000000    00000000 =           0. bytes (ABS,CON)

      Value  Global                              Global Defined In Module
      -----  --------------------------------   ------------------------
     00000003  b_script_detach_hthread            vm
     00000003  b_script_execute                   vm
     00000003  b_script_runner_init               vm
     00000003  b_script_terminate                 vm
     00000003  b_vm_call                          vm
     00000003  b_vm_call_far                      vm
     00000003  b_vm_get_indirect                  vm
     00000003  b_vm_get_int16                     vm
     00000003  b_vm_get_int8                      vm
     00000003  b_vm_get_tlocal                    vm
     00000003  b_vm_get_uint8                     vm
     00000003  b_vm_idle                          vm
     00000003  b_vm_if                            vm
     00000003  b_vm_if_const                      vm
     00000003  b_vm_init_rng                      vm
     00000003  b_vm_invoke                        vm
     00000003  b_vm_join                          vm
     00000003  b_vm_jump                          vm
     00000003  b_vm_lock                          vm
     00000003  b_vm_loop                          vm
     00000003  b_vm_memcpy                        vm
     00000003  b_vm_memset                        vm
     00000003  b_vm_poll_loaded                   vm
     00000003  b_vm_pop                           vm
     00000003  b_vm_push                          vm
     00000003  b_vm_push_reference                vm
     00000003  b_vm_push_value                    vm
     00000003  b_vm_push_value_ind                vm
     00000003  b_vm_raise                         vm
     00000003  b_vm_rand                          vm
     00000003  b_vm_reserve                       vm
     00000003  b_vm_ret                           vm
     00000003  b_vm_ret_far                       vm
     00000003  b_vm_set                           vm
     00000003  b_vm_set_const                     vm
     00000003  b_vm_set_const_int16               vm
     00000003  b_vm_set_const_int8                vm
     00000003  b_vm_set_indirect                  vm
     00000003  b_vm_set_int16                     vm
     00000003  b_vm_set_int8                      vm
     00000003  b_vm_set_uint8                     vm
     00000003  b_vm_terminate                     vm
     00000003  b_vm_test_terminate                vm
     00000003  b_vm_unlock                        vm
     00000003  b_wait_frames                      vm
     00000003  l__HEADER9                      
     00000003  l__HEADER_LCD0                  
     00000003  l__HRAM12                       
     00000004  ___bank_VM_ACTOR                   vm_actor
     00000004  ___bank_bg_bigforest_tilemap       bg_bigforest_tilemap
     00000004  ___bank_bg_bigforest_tilemap_att   bg_bigforest_tilemap_attr
ASxxxx Linker V03.00/V05.40 + sdld,  page 4.
Hexadecimal  [32-Bits]

Area                                    Addr        Size        Decimal Bytes (Attributes)
--------------------------------        ----        ----        ------- ----- ------------
.  .ABS.                            00000000    00000000 =           0. bytes (ABS,CON)

      Value  Global                              Global Defined In Module
      -----  --------------------------------   ------------------------
     00000004  b_adventure_init                   adventure
     00000004  b_adventure_update                 adventure
     00000004  b_logo_init                        logo
     00000004  b_logo_update                      logo
     00000004  b_vm_actor_activate                vm_actor
     00000004  b_vm_actor_begin_update            vm_actor
     00000004  b_vm_actor_deactivate              vm_actor
     00000004  b_vm_actor_emote                   vm_actor
     00000004  b_vm_actor_get_angle               vm_actor
     00000004  b_vm_actor_get_anim_frame          vm_actor
     00000004  b_vm_actor_get_dir                 vm_actor
     00000004  b_vm_actor_get_pos                 vm_actor
     00000004  b_vm_actor_move_cancel             vm_actor
     00000004  b_vm_actor_move_to                 vm_actor
     00000004  b_vm_actor_replace_tile            vm_actor
     00000004  b_vm_actor_set_anim                vm_actor
     00000004  b_vm_actor_set_anim_frame          vm_actor
     00000004  b_vm_actor_set_anim_set            vm_actor
     00000004  b_vm_actor_set_anim_tick           vm_actor
     00000004  b_vm_actor_set_bounds              vm_actor
     00000004  b_vm_actor_set_dir                 vm_actor
     00000004  b_vm_actor_set_flags               vm_actor
     00000004  b_vm_actor_set_move_speed          vm_actor
     00000004  b_vm_actor_set_pos                 vm_actor
     00000004  b_vm_actor_set_spritesheet         vm_actor
     00000004  b_vm_actor_set_spritesheet_by_re   vm_actor
     00000004  b_vm_actor_terminate_update        vm_actor
     00000004  l__CRASH_HEADER1                
     00000004  l__HEADER_SIO0                  
     00000004  l__HEADER_TIMER0                
     00000005  ___bank_VM_UI                      vm_ui
     00000005  ___bank_bg_forest_area_tilemap     bg_forest_area_tilemap
     00000005  ___bank_scene_12_sprites           scene_12_sprites
     00000005  ___bank_scene_16_collisions        scene_16_collisions
     00000005  ___bank_scene_18_collisions        scene_18_collisions
     00000005  ___bank_sprite_bee_minion          sprite_bee_minion
     00000005  b_vm_choice                        vm_ui
     00000005  b_vm_display_text                  vm_ui
     00000005  b_vm_overlay_clear                 vm_ui
     00000005  b_vm_overlay_move_to               vm_ui
     00000005  b_vm_overlay_scroll                vm_ui
     00000005  b_vm_overlay_set_map               vm_ui
     00000005  b_vm_overlay_set_scroll            vm_ui
     00000005  b_vm_overlay_set_submap            vm_ui
     00000005  b_vm_overlay_set_submap_ex         vm_ui
     00000005  b_vm_overlay_setpos                vm_ui
     00000005  b_vm_overlay_show                  vm_ui
     00000005  b_vm_overlay_wait                  vm_ui
     00000005  b_vm_set_font                      vm_ui
     00000005  b_vm_set_text_sound                vm_ui
     00000005  b_vm_switch_text_layer             vm_ui
ASxxxx Linker V03.00/V05.40 + sdld,  page 5.
Hexadecimal  [32-Bits]

Area                                    Addr        Size        Decimal Bytes (Attributes)
--------------------------------        ----        ----        ------- ----- ------------
.  .ABS.                            00000000    00000000 =           0. bytes (ABS,CON)

      Value  Global                              Global Defined In Module
      -----  --------------------------------   ------------------------
     00000005  l__CRASH_HEADER0                
     00000005  l__HEADER1                      
     00000006  ___bank_bg_castle_tileset          bg_castle_tileset
     00000006  ___bank_font_gbs_mono              font_gbs_mono
     00000006  ___bank_script_engine_init         
     00000006  ___bank_song_bs_free_dr_mario_Da   song_bs_free_dr_mario_Data
     00000006  ___bank_song_bs_free_menu_Data     song_bs_free_menu_Data
     00000006  b_do_load_palette                  data_manager
     00000006  b_load_background                  data_manager
     00000006  b_load_bkg_tileset                 data_manager
     00000006  b_load_bounds                      data_manager
     00000006  b_load_emote                       data_manager
     00000006  b_load_init                        data_manager
     00000006  b_load_player                      data_manager
     00000006  b_load_scene                       data_manager
     00000006  b_load_sprite                      data_manager
     00000006  b_projectile_launch                projectiles
     00000006  b_projectiles_init                 projectiles
     00000006  l__HEADER8                      
     00000007  ___bank_bg_cave_castle_tileset     bg_cave_castle_tileset
     00000007  ___bank_bg_forest_miniboss_tilem   bg_forest_miniboss_tilemap
     00000007  ___bank_bg_forest_miniboss_tilem   bg_forest_miniboss_tilemap_a
     00000007  ___bank_bg_mushroom_isla1_tilese   bg_mushroom_isla1_tileset
     00000007  ___bank_bg_mushroom_isla2_tilese   bg_mushroom_isla2_tileset
     00000007  ___bank_bg_village_next_castle_t   bg_village_next_castle_tiles
     00000007  ___bank_scene_15_init              scene_15_init
     00000007  ___bank_scene_17_collisions        scene_17_collisions
     00000007  l__HEADER2                      
     00000008  ___bank_VM_GAMEBOY                 vm_gameboy
     00000008  ___bank_bg_grave_tilemap           bg_grave_tilemap
     00000008  ___bank_bg_grave_tilemap_attr      bg_grave_tilemap_attr
     00000008  ___bank_bg_mc_room_tileset         bg_mc_room_tileset
     00000008  ___bank_bg_mushroom_isla3_tilese   bg_mushroom_isla3_tileset
     00000008  ___bank_scene_21_collisions        scene_21_collisions
     00000008  b_input_init                       input
     00000008  b_scroll_init                      scroll
     00000008  b_scroll_repaint                   scroll
     00000008  b_scroll_reset                     scroll
     00000008  b_scroll_update                    scroll
     00000008  b_shmup_init                       shmup
     00000008  b_shmup_update                     shmup
     00000008  b_topdown_init                     topdown
     00000008  b_topdown_update                   topdown
     00000008  b_trigger_activate_at              trigger
     00000008  b_trigger_activate_at_intersecti   trigger
     00000008  b_trigger_at_intersection          trigger
     00000008  b_trigger_at_tile                  trigger
     00000008  b_trigger_interact                 trigger
     00000008  b_trigger_reset                    trigger
     00000008  b_vm_context_prepare               vm_gameboy
     00000008  b_vm_fade                          vm_gameboy
ASxxxx Linker V03.00/V05.40 + sdld,  page 6.
Hexadecimal  [32-Bits]

Area                                    Addr        Size        Decimal Bytes (Attributes)
--------------------------------        ----        ----        ------- ----- ------------
.  .ABS.                            00000000    00000000 =           0. bytes (ABS,CON)

      Value  Global                              Global Defined In Module
      -----  --------------------------------   ------------------------
     00000008  b_vm_get_tile_xy                   vm_gameboy
     00000008  b_vm_input_attach                  vm_gameboy
     00000008  b_vm_input_detach                  vm_gameboy
     00000008  b_vm_input_get                     vm_gameboy
     00000008  b_vm_input_wait                    vm_gameboy
     00000008  b_vm_load_tiles                    vm_gameboy
     00000008  b_vm_load_tileset                  vm_gameboy
     00000008  b_vm_poll                          vm_gameboy
     00000008  b_vm_replace_tile                  vm_gameboy
     00000008  b_vm_replace_tile_xy               vm_gameboy
     00000008  b_vm_rumble                        vm_gameboy
     00000008  b_vm_set_sprite_mode               vm_gameboy
     00000008  b_vm_set_sprites_visible           vm_gameboy
     00000008  b_vm_timer_prepare                 vm_gameboy
     00000008  b_vm_timer_reset                   vm_gameboy
     00000008  b_vm_timer_set                     vm_gameboy
     00000008  b_vm_timer_stop                    vm_gameboy
     00000008  l__HEADER3                      
     00000009  ___bank_bg_castle_tilemap          bg_castle_tilemap
     00000009  ___bank_bg_cave_tilemap            bg_cave_tilemap
     00000009  ___bank_bg_cave_tileset            bg_cave_tileset
     00000009  ___bank_bg_fminiboss_tilemap       bg_fminiboss_tilemap
     00000009  ___bank_bg_house_tileset           bg_house_tileset
     00000009  ___bank_bg_mushroom_isla1_tilema   bg_mushroom_isla1_tilemap
     00000009  ___bank_bg_mushroom_isla2_tilema   bg_mushroom_isla2_tilemap
     00000009  ___bank_bg_mushroom_isla3_tilema   bg_mushroom_isla3_tilemap
     00000009  ___bank_bg_mushroom_miniboss_til   bg_mushroom_miniboss_tilemap
     00000009  ___bank_bg_path_to_m1_tilemap      bg_path_to_m1_tilemap
     00000009  ___bank_bg_path_to_m2_tilemap      bg_path_to_m2_tilemap
     00000009  ___bank_bg_path_to_m3_tilemap      bg_path_to_m3_tilemap
     00000009  ___bank_bg_path_to_mushroom_mini   bg_path_to_mushroom_minibos_
     00000009  ___bank_bg_spawn_area_tilemap_at   bg_spawn_area_tilemap_attr
     00000009  ___bank_bg_spawn_area_tileset      bg_spawn_area_tileset
     00000009  ___bank_scene_15_sprites           scene_15_sprites
     00000009  b_erase_flash                      
     00000009  b_parallax_init                    parallax
     00000009  b_save_sram_banks                  
     0000000A  ___bank_bg_spawn_area_tilemap      bg_spawn_area_tilemap
     0000000A  ___bank_bg_village_next_castle_t   bg_village_next_castle_tilem
     0000000A  ___bank_bg_water_path1_tilemap     bg_water_path1_tilemap
     0000000A  ___bank_scene_10_collisions        scene_10_collisions
     0000000A  ___bank_scene_11_collisions        scene_11_collisions
     0000000A  ___bank_scene_12_collisions        scene_12_collisions
     0000000A  ___bank_scene_13_collisions        scene_13_collisions
     0000000A  ___bank_scene_14_collisions        scene_14_collisions
     0000000A  ___bank_scene_1_collisions         scene_1_collisions
     0000000A  ___bank_scene_20_collisions        scene_20_collisions
     0000000A  ___bank_scene_22_collisions        scene_22_collisions
     0000000A  ___bank_scene_2_collisions         scene_2_collisions
     0000000A  ___bank_scene_5_collisions         scene_5_collisions
     0000000A  ___bank_scene_6_collisions         scene_6_collisions
ASxxxx Linker V03.00/V05.40 + sdld,  page 7.
Hexadecimal  [32-Bits]

Area                                    Addr        Size        Decimal Bytes (Attributes)
--------------------------------        ----        ----        ------- ----- ------------
.  .ABS.                            00000000    00000000 =           0. bytes (ABS,CON)

      Value  Global                              Global Defined In Module
      -----  --------------------------------   ------------------------
     0000000A  ___bank_scene_7_collisions         scene_7_collisions
     0000000A  ___bank_scene_8_collisions         scene_8_collisions
     0000000B  ___bank_VM_CAMERA                  vm_camera
     0000000B  ___bank_VM_GBPRINTER               vm_gbprinter
     0000000B  ___bank_VM_SIO                     vm_sio
     0000000B  ___bank_actor_0_interact           actor_0_interact
     0000000B  ___bank_actor_100_update           actor_100_update
     0000000B  ___bank_actor_1_update             actor_1_update
     0000000B  ___bank_bg_broke_king_room_tiles   bg_broke_king_room_tileset
     0000000B  ___bank_bg_home1_living_room_til   bg_home1_living_room_tileset
     0000000B  ___bank_bg_mushroom_miniboss_til   bg_mushroom_miniboss_tileset
     0000000B  ___bank_bg_path_to_m1_tileset      bg_path_to_m1_tileset
     0000000B  ___bank_bg_path_to_m2_tileset      bg_path_to_m2_tileset
     0000000B  ___bank_bg_path_to_mushroom_mini   bg_path_to_mushroom_minibos_
     0000000B  ___bank_bg_water_path1_tileset     bg_water_path1_tileset
     0000000B  ___bank_scene_18_actors            scene_18_actors
     0000000B  ___bank_scene_19_sprites           scene_19_sprites
     0000000B  ___bank_scene_23_actors            scene_23_actors
     0000000B  ___bank_scene_9_collisions         scene_9_collisions
     0000000B  ___mute_mask_sound_dog_bark_vgm    sound_dog_bark_vgm
     0000000B  ___mute_mask_sound_hurt_vgm        sound_hurt_vgm
     0000000B  b___HandleCrash_banked             
     0000000B  b_atan2                            math_atan2
     0000000B  b_camera_shake_frames              vm_camera
     0000000B  b_core_reset                       core
     0000000B  b_core_run                         core
     0000000B  b_data_clear                       load_save
     0000000B  b_data_init                        load_save
     0000000B  b_data_load                        load_save
     0000000B  b_data_peek                        load_save
     0000000B  b_data_save                        load_save
     0000000B  b_fade_applypalettechange          fade_manager
     0000000B  b_fade_in                          fade_manager
     0000000B  b_fade_in_modal                    fade_manager
     0000000B  b_fade_init                        fade_manager
     0000000B  b_fade_out                         fade_manager
     0000000B  b_fade_out_modal                   fade_manager
     0000000B  b_fade_setspeed                    fade_manager
     0000000B  b_fade_update                      fade_manager
     0000000B  b_gbprinter_detect                 gbprinter
     0000000B  b_gbprinter_print_overlay          gbprinter
     0000000B  b_pointnclick_init                 pointnclick
     0000000B  b_pointnclick_update               pointnclick
     0000000B  b_vm_camera_move_to                vm_camera
     0000000B  b_vm_camera_set_pos                vm_camera
     0000000B  b_vm_print_detect                  vm_gbprinter
     0000000B  b_vm_print_overlay                 vm_gbprinter
     0000000B  b_vm_sio_exchange                  vm_sio
     0000000B  b_vm_sio_set_mode                  vm_sio
     0000000C  ___bank_actor_102_update           actor_102_update
     0000000C  ___bank_actor_104_update           actor_104_update
ASxxxx Linker V03.00/V05.40 + sdld,  page 8.
Hexadecimal  [32-Bits]

Area                                    Addr        Size        Decimal Bytes (Attributes)
--------------------------------        ----        ----        ------- ----- ------------
.  .ABS.                            00000000    00000000 =           0. bytes (ABS,CON)

      Value  Global                              Global Defined In Module
      -----  --------------------------------   ------------------------
     0000000C  ___bank_actor_109_update           actor_109_update
     0000000C  ___bank_actor_110_update           actor_110_update
     0000000C  ___bank_actor_111_update           actor_111_update
     0000000C  ___bank_actor_112_update           actor_112_update
     0000000C  ___bank_actor_113_update           actor_113_update
     0000000C  ___bank_actor_114_update           actor_114_update
     0000000C  ___bank_actor_115_update           actor_115_update
     0000000C  ___bank_actor_117_update           actor_117_update
     0000000C  ___bank_actor_12_update            actor_12_update
     0000000C  ___bank_actor_15_update            actor_15_update
     0000000C  ___bank_actor_16_update            actor_16_update
     0000000C  ___bank_actor_20_update            actor_20_update
     0000000C  ___bank_actor_21_update            actor_21_update
     0000000C  ___bank_actor_22_update            actor_22_update
     0000000C  ___bank_actor_26_update            actor_26_update
     0000000C  ___bank_actor_27_update            actor_27_update
     0000000C  ___bank_actor_28_update            actor_28_update
     0000000C  ___bank_actor_2_update             actor_2_update
     0000000C  ___bank_actor_31_update            actor_31_update
     0000000C  ___bank_actor_32_update            actor_32_update
     0000000C  ___bank_actor_34_update            actor_34_update
     0000000C  ___bank_actor_36_update            actor_36_update
     0000000C  ___bank_actor_37_update            actor_37_update
     0000000C  ___bank_actor_38_update            actor_38_update
     0000000C  ___bank_actor_39_update            actor_39_update
     0000000C  ___bank_actor_40_update            actor_40_update
     0000000C  ___bank_actor_42_update            actor_42_update
     0000000C  ___bank_actor_4_update             actor_4_update
     0000000C  ___bank_bg_path_to_m3_tileset      bg_path_to_m3_tileset
     0000000D  ___bank_actor_43_update            actor_43_update
     0000000D  ___bank_actor_46_update            actor_46_update
     0000000D  ___bank_actor_47_update            actor_47_update
     0000000D  ___bank_actor_48_update            actor_48_update
     0000000D  ___bank_actor_49_update            actor_49_update
     0000000D  ___bank_actor_50_update            actor_50_update
     0000000D  ___bank_actor_51_update            actor_51_update
     0000000D  ___bank_actor_52_update            actor_52_update
     0000000D  ___bank_actor_53_update            actor_53_update
     0000000D  ___bank_actor_54_update            actor_54_update
     0000000D  ___bank_actor_57_update            actor_57_update
     0000000D  ___bank_actor_58_update            actor_58_update
     0000000D  ___bank_actor_59_update            actor_59_update
     0000000D  ___bank_actor_5_update             actor_5_update
     0000000D  ___bank_actor_60_update            actor_60_update
     0000000D  ___bank_actor_61_update            actor_61_update
     0000000D  ___bank_actor_64_update            actor_64_update
     0000000D  ___bank_actor_65_update            actor_65_update
     0000000D  ___bank_actor_68_update            actor_68_update
     0000000D  ___bank_actor_69_update            actor_69_update
     0000000D  ___bank_actor_70_update            actor_70_update
     0000000D  ___bank_actor_73_update            actor_73_update
ASxxxx Linker V03.00/V05.40 + sdld,  page 9.
Hexadecimal  [32-Bits]

Area                                    Addr        Size        Decimal Bytes (Attributes)
--------------------------------        ----        ----        ------- ----- ------------
.  .ABS.                            00000000    00000000 =           0. bytes (ABS,CON)

      Value  Global                              Global Defined In Module
      -----  --------------------------------   ------------------------
     0000000D  ___bank_actor_74_update            actor_74_update
     0000000D  ___bank_actor_77_update            actor_77_update
     0000000D  ___bank_actor_79_update            actor_79_update
     0000000D  ___bank_actor_7_update             actor_7_update
     0000000D  ___bank_actor_80_update            actor_80_update
     0000000D  ___bank_actor_81_update            actor_81_update
     0000000D  ___bank_actor_82_update            actor_82_update
     0000000D  ___bank_actor_8_update             actor_8_update
     0000000D  ___bank_sprite_chara4_tileset      sprite_chara4_tileset
     0000000E  ___bank_VM_PALETTE                 vm_palette
     0000000E  ___bank_VM_RTC                     vm_rtc
     0000000E  ___bank_actor_83_update            actor_83_update
     0000000E  ___bank_actor_84_update            actor_84_update
     0000000E  ___bank_actor_85_update            actor_85_update
     0000000E  ___bank_actor_86_update            actor_86_update
     0000000E  ___bank_actor_87_update            actor_87_update
     0000000E  ___bank_actor_88_update            actor_88_update
     0000000E  ___bank_actor_89_update            actor_89_update
     0000000E  ___bank_actor_90_update            actor_90_update
     0000000E  ___bank_actor_91_update            actor_91_update
     0000000E  ___bank_actor_92_update            actor_92_update
     0000000E  ___bank_actor_94_update            actor_94_update
     0000000E  ___bank_actor_95_update            actor_95_update
     0000000E  ___bank_actor_97_update            actor_97_update
     0000000E  ___bank_actor_98_update            actor_98_update
     0000000E  ___bank_actor_99_update            actor_99_update
     0000000E  ___bank_actor_9_update             actor_9_update
     0000000E  ___bank_bg_bigforest_tileset       bg_bigforest_tileset
     0000000E  ___bank_bg_broke_king_room_tilem   bg_broke_king_room_tilemap
     0000000E  ___bank_bg_final_boss_tilemap      bg_final_boss_tilemap
     0000000E  ___bank_bg_fminiboss_tileset       bg_fminiboss_tileset
     0000000E  ___bank_bg_forest_miniboss_tiles   bg_forest_miniboss_tileset
     0000000E  ___bank_bg_fpath_tilemap           bg_fpath_tilemap
     0000000E  ___bank_bg_grave_tileset           bg_grave_tileset
     0000000E  ___bank_scene_14_sprites           scene_14_sprites
     0000000E  ___bank_scene_16_actors            scene_16_actors
     0000000E  ___bank_scene_20_actors            scene_20_actors
     0000000E  ___bank_sprite_bee_boss_tileset    sprite_bee_boss_tileset
     0000000E  ___bank_sprite_chara2_tileset      sprite_chara2_tileset
     0000000E  ___bank_sprite_chara3_tileset      sprite_chara3_tileset
     0000000E  ___bank_sprite_chara4              sprite_chara4
     0000000E  ___bank_sprite_cockroachus_iii_t   sprite_cockroachus_iii_tiles
     0000000E  ___bank_sprite_fly_boss_tileset    sprite_fly_boss_tileset
     0000000E  ___bank_sprite_mantis_boss_tiles   sprite_mantis_boss_tileset
     0000000E  b_set_sgb_border                   sgb_border
     0000000E  b_vm_load_palette                  vm_palette
     0000000E  b_vm_rtc_get                       vm_rtc
     0000000E  b_vm_rtc_latch                     vm_rtc
     0000000E  b_vm_rtc_set                       vm_rtc
     0000000E  b_vm_rtc_start                     vm_rtc
     0000000F  ___bank_VM_LOAD_SAVE               vm_load_save
ASxxxx Linker V03.00/V05.40 + sdld,  page 10.
Hexadecimal  [32-Bits]

Area                                    Addr        Size        Decimal Bytes (Attributes)
--------------------------------        ----        ----        ------- ----- ------------
.  .ABS.                            00000000    00000000 =           0. bytes (ABS,CON)

      Value  Global                              Global Defined In Module
      -----  --------------------------------   ------------------------
     0000000F  ___bank_VM_MATH                    vm_math
     0000000F  ___bank_VM_MUSIC                   vm_music
     0000000F  ___bank_VM_PROJECTILE              vm_projectiles
     0000000F  ___bank_VM_SCENE                   vm_scene
     0000000F  ___bank_actor_3_interact           actor_3_interact
     0000000F  ___bank_actor_6_interact           actor_6_interact
     0000000F  ___bank_bg_final_boss_tileset      bg_final_boss_tileset
     0000000F  ___bank_bg_fpath_tileset           bg_fpath_tileset
     0000000F  ___bank_bg_home1_living_room_til   bg_home1_living_room_tilemap
     0000000F  ___bank_bg_house_tilemap           bg_house_tilemap
     0000000F  ___bank_bg_mc_room_tilemap         bg_mc_room_tilemap
     0000000F  ___bank_bg_mc_room_tilemap_attr    bg_mc_room_tilemap_attr
     0000000F  ___bank_frame_image                frame_image
     0000000F  ___bank_scene_10_actors            scene_10_actors
     0000000F  ___bank_scene_11_actors            scene_11_actors
     0000000F  ___bank_scene_13_actors            scene_13_actors
     0000000F  ___bank_scene_14_actors            scene_14_actors
     0000000F  ___bank_scene_15_collisions        scene_15_collisions
     0000000F  ___bank_scene_17_actors            scene_17_actors
     0000000F  ___bank_scene_19_collisions        scene_19_collisions
     0000000F  ___bank_scene_21_actors            scene_21_actors
     0000000F  ___bank_scene_24_actors            scene_24_actors
     0000000F  ___bank_scene_24_collisions        scene_24_collisions
     0000000F  ___bank_scene_25_actors            scene_25_actors
     0000000F  ___bank_scene_25_collisions        scene_25_collisions
     0000000F  ___bank_scene_26_collisions        scene_26_collisions
     0000000F  ___bank_scene_27_collisions        scene_27_collisions
     0000000F  ___bank_scene_28_collisions        scene_28_collisions
     0000000F  ___bank_scene_29_collisions        scene_29_collisions
     0000000F  ___bank_scene_2_sprites            scene_2_sprites
     0000000F  ___bank_scene_30_collisions        scene_30_collisions
     0000000F  ___bank_scene_31_collisions        scene_31_collisions
     0000000F  ___bank_scene_32_collisions        scene_32_collisions
     0000000F  ___bank_scene_33_collisions        scene_33_collisions
     0000000F  ___bank_scene_34_collisions        scene_34_collisions
     0000000F  ___bank_scene_35_collisions        scene_35_collisions
     0000000F  ___bank_scene_36_collisions        scene_36_collisions
     0000000F  ___bank_scene_37_collisions        scene_37_collisions
     0000000F  ___bank_scene_38_collisions        scene_38_collisions
     0000000F  ___bank_scene_39_collisions        scene_39_collisions
     0000000F  ___bank_scene_3_collisions         scene_3_collisions
     0000000F  ___bank_scene_40_collisions        scene_40_collisions
     0000000F  ___bank_scene_41_collisions        scene_41_collisions
     0000000F  ___bank_scene_42_collisions        scene_42_collisions
     0000000F  ___bank_scene_43_collisions        scene_43_collisions
     0000000F  ___bank_scene_4_collisions         scene_4_collisions
     0000000F  ___bank_scene_7_actors             scene_7_actors
     0000000F  ___bank_sound_dog_bark_vgm         sound_dog_bark_vgm
     0000000F  ___bank_sprite_bee_boss            sprite_bee_boss
     0000000F  ___bank_sprite_bee_minion_tilese   sprite_bee_minion_tileset
     0000000F  ___bank_sprite_chara2              sprite_chara2
ASxxxx Linker V03.00/V05.40 + sdld,  page 11.
Hexadecimal  [32-Bits]

Area                                    Addr        Size        Decimal Bytes (Attributes)
--------------------------------        ----        ----        ------- ----- ------------
.  .ABS.                            00000000    00000000 =           0. bytes (ABS,CON)

      Value  Global                              Global Defined In Module
      -----  --------------------------------   ------------------------
     0000000F  ___bank_sprite_chara3              sprite_chara3
     0000000F  ___bank_sprite_cockroachus_iii     sprite_cockroachus_iii
     0000000F  ___bank_sprite_fly_boss            sprite_fly_boss
     0000000F  ___bank_sprite_fly_tileset         sprite_fly_tileset
     0000000F  b_events_init                      events
     0000000F  b_itoa_fmt                         vm_ui_a
     0000000F  b_music_events_poll                music_manager
     0000000F  b_music_init_driver                music_manager
     0000000F  b_music_init_events                music_manager
     0000000F  b_remove_LCD_ISRs                  interrupts
     0000000F  b_restore_sram                     flasher
     0000000F  b_restore_sram_bank                flasher
     0000000F  b_save_sram                        flasher
     0000000F  b_timers_init                      events
     0000000F  b_vm_cos_scale                     vm_math
     0000000F  b_vm_music_mute                    vm_music
     0000000F  b_vm_music_play                    vm_music
     0000000F  b_vm_music_routine                 vm_music
     0000000F  b_vm_music_setpos                  vm_music
     0000000F  b_vm_music_stop                    vm_music
     0000000F  b_vm_projectile_launch             vm_projectiles
     0000000F  b_vm_projectile_load_type          vm_projectiles
     0000000F  b_vm_save_clear                    vm_load_save
     0000000F  b_vm_save_peek                     vm_load_save
     0000000F  b_vm_scene_pop                     vm_scene
     0000000F  b_vm_scene_pop_all                 vm_scene
     0000000F  b_vm_scene_push                    vm_scene
     0000000F  b_vm_scene_stack_reset             vm_scene
     0000000F  b_vm_sfx_play                      vm_music
     0000000F  b_vm_sin_scale                     vm_math
     0000000F  b_vm_sound_mastervol               vm_music
     00000010  ___bank_actor_100_interact         actor_100_interact
     00000010  ___bank_actor_102_interact         actor_102_interact
     00000010  ___bank_actor_104_interact         actor_104_interact
     00000010  ___bank_actor_109_interact         actor_109_interact
     00000010  ___bank_actor_110_interact         actor_110_interact
     00000010  ___bank_actor_111_interact         actor_111_interact
     00000010  ___bank_actor_112_interact         actor_112_interact
     00000010  ___bank_actor_113_interact         actor_113_interact
     00000010  ___bank_actor_114_interact         actor_114_interact
     00000010  ___bank_actor_115_interact         actor_115_interact
     00000010  ___bank_actor_117_interact         actor_117_interact
     00000010  ___bank_actor_12_interact          actor_12_interact
     00000010  ___bank_actor_15_interact          actor_15_interact
     00000010  ___bank_actor_16_interact          actor_16_interact
     00000010  ___bank_actor_1_interact           actor_1_interact
     00000010  ___bank_actor_20_interact          actor_20_interact
     00000010  ___bank_actor_21_interact          actor_21_interact
     00000010  ___bank_actor_22_interact          actor_22_interact
     00000010  ___bank_actor_26_interact          actor_26_interact
     00000010  ___bank_actor_27_interact          actor_27_interact
ASxxxx Linker V03.00/V05.40 + sdld,  page 12.
Hexadecimal  [32-Bits]

Area                                    Addr        Size        Decimal Bytes (Attributes)
--------------------------------        ----        ----        ------- ----- ------------
.  .ABS.                            00000000    00000000 =           0. bytes (ABS,CON)

      Value  Global                              Global Defined In Module
      -----  --------------------------------   ------------------------
     00000010  ___bank_actor_28_interact          actor_28_interact
     00000010  ___bank_actor_2_interact           actor_2_interact
     00000010  ___bank_actor_31_interact          actor_31_interact
     00000010  ___bank_actor_32_interact          actor_32_interact
     00000010  ___bank_actor_34_interact          actor_34_interact
     00000010  ___bank_actor_36_interact          actor_36_interact
     00000010  ___bank_actor_37_interact          actor_37_interact
     00000010  ___bank_actor_38_interact          actor_38_interact
     00000010  ___bank_actor_39_interact          actor_39_interact
     00000010  ___bank_actor_40_interact          actor_40_interact
     00000010  ___bank_actor_42_interact          actor_42_interact
     00000010  ___bank_actor_43_interact          actor_43_interact
     00000010  ___bank_actor_46_interact          actor_46_interact
     00000010  ___bank_actor_47_interact          actor_47_interact
     00000010  ___bank_actor_48_interact          actor_48_interact
     00000010  ___bank_actor_49_interact          actor_49_interact
     00000010  ___bank_actor_4_interact           actor_4_interact
     00000010  ___bank_actor_50_interact          actor_50_interact
     00000010  ___bank_actor_51_interact          actor_51_interact
     00000010  ___bank_actor_52_interact          actor_52_interact
     00000010  ___bank_actor_53_interact          actor_53_interact
     00000010  ___bank_actor_54_interact          actor_54_interact
     00000010  ___bank_actor_57_interact          actor_57_interact
     00000010  ___bank_actor_58_interact          actor_58_interact
     00000010  ___bank_actor_59_interact          actor_59_interact
     00000010  ___bank_actor_5_interact           actor_5_interact
     00000010  ___bank_actor_60_interact          actor_60_interact
     00000010  ___bank_actor_61_interact          actor_61_interact
     00000010  ___bank_actor_64_interact          actor_64_interact
     00000010  ___bank_actor_65_interact          actor_65_interact
     00000010  ___bank_actor_68_interact          actor_68_interact
     00000010  ___bank_actor_69_interact          actor_69_interact
     00000010  ___bank_actor_70_interact          actor_70_interact
     00000010  ___bank_actor_73_interact          actor_73_interact
     00000010  ___bank_actor_74_interact          actor_74_interact
     00000010  ___bank_actor_77_interact          actor_77_interact
     00000010  ___bank_actor_79_interact          actor_79_interact
     00000010  ___bank_actor_7_interact           actor_7_interact
     00000010  ___bank_actor_80_interact          actor_80_interact
     00000010  ___bank_actor_81_interact          actor_81_interact
     00000010  ___bank_actor_82_interact          actor_82_interact
     00000010  ___bank_actor_83_interact          actor_83_interact
     00000010  ___bank_actor_84_interact          actor_84_interact
     00000010  ___bank_actor_85_interact          actor_85_interact
     00000010  ___bank_actor_86_interact          actor_86_interact
     00000010  ___bank_actor_87_interact          actor_87_interact
     00000010  ___bank_actor_88_interact          actor_88_interact
     00000010  ___bank_actor_89_interact          actor_89_interact
     00000010  ___bank_actor_8_interact           actor_8_interact
     00000010  ___bank_actor_90_interact          actor_90_interact
     00000010  ___bank_actor_91_interact          actor_91_interact
ASxxxx Linker V03.00/V05.40 + sdld,  page 13.
Hexadecimal  [32-Bits]

Area                                    Addr        Size        Decimal Bytes (Attributes)
--------------------------------        ----        ----        ------- ----- ------------
.  .ABS.                            00000000    00000000 =           0. bytes (ABS,CON)

      Value  Global                              Global Defined In Module
      -----  --------------------------------   ------------------------
     00000010  ___bank_actor_92_interact          actor_92_interact
     00000010  ___bank_actor_94_interact          actor_94_interact
     00000010  ___bank_actor_95_interact          actor_95_interact
     00000010  ___bank_actor_97_interact          actor_97_interact
     00000010  ___bank_actor_98_interact          actor_98_interact
     00000010  ___bank_actor_99_interact          actor_99_interact
     00000010  ___bank_actor_9_interact           actor_9_interact
     00000010  ___bank_cursor_image               cursor_image
     00000010  ___bank_palette_0                  palette_0
     00000010  ___bank_palette_1                  palette_1
     00000010  ___bank_palette_2                  palette_2
     00000010  ___bank_palette_3                  palette_3
     00000010  ___bank_palette_4                  palette_4
     00000010  ___bank_scene_1                    scene_1
     00000010  ___bank_scene_10                   scene_10
     00000010  ___bank_scene_10_init              scene_10_init
     00000010  ___bank_scene_10_projectiles       scene_10_projectiles
     00000010  ___bank_scene_11                   scene_11
     00000010  ___bank_scene_11_init              scene_11_init
     00000010  ___bank_scene_11_projectiles       scene_11_projectiles
     00000010  ___bank_scene_12                   scene_12
     00000010  ___bank_scene_12_init              scene_12_init
     00000010  ___bank_scene_12_projectiles       scene_12_projectiles
     00000010  ___bank_scene_12_triggers          scene_12_triggers
     00000010  ___bank_scene_13                   scene_13
     00000010  ___bank_scene_13_init              scene_13_init
     00000010  ___bank_scene_13_projectiles       scene_13_projectiles
     00000010  ___bank_scene_14                   scene_14
     00000010  ___bank_scene_14_init              scene_14_init
     00000010  ___bank_scene_14_projectiles       scene_14_projectiles
     00000010  ___bank_scene_15                   scene_15
     00000010  ___bank_scene_15_projectiles       scene_15_projectiles
     00000010  ___bank_scene_16                   scene_16
     00000010  ___bank_scene_16_init              scene_16_init
     00000010  ___bank_scene_16_projectiles       scene_16_projectiles
     00000010  ___bank_scene_17                   scene_17
     00000010  ___bank_scene_17_init              scene_17_init
     00000010  ___bank_scene_17_projectiles       scene_17_projectiles
     00000010  ___bank_scene_18                   scene_18
     00000010  ___bank_scene_18_init              scene_18_init
     00000010  ___bank_scene_18_projectiles       scene_18_projectiles
     00000010  ___bank_scene_18_triggers          scene_18_triggers
     00000010  ___bank_scene_19                   scene_19
     00000010  ___bank_scene_19_init              scene_19_init
     00000010  ___bank_scene_19_projectiles       scene_19_projectiles
     00000010  ___bank_scene_1_init               scene_1_init
     00000010  ___bank_scene_1_projectiles        scene_1_projectiles
     00000010  ___bank_scene_1_triggers           scene_1_triggers
     00000010  ___bank_scene_2                    scene_2
     00000010  ___bank_scene_20                   scene_20
     00000010  ___bank_scene_20_init              scene_20_init
ASxxxx Linker V03.00/V05.40 + sdld,  page 14.
Hexadecimal  [32-Bits]

Area                                    Addr        Size        Decimal Bytes (Attributes)
--------------------------------        ----        ----        ------- ----- ------------
.  .ABS.                            00000000    00000000 =           0. bytes (ABS,CON)

      Value  Global                              Global Defined In Module
      -----  --------------------------------   ------------------------
     00000010  ___bank_scene_20_projectiles       scene_20_projectiles
     00000010  ___bank_scene_21                   scene_21
     00000010  ___bank_scene_21_init              scene_21_init
     00000010  ___bank_scene_21_projectiles       scene_21_projectiles
     00000010  ___bank_scene_22                   scene_22
     00000010  ___bank_scene_22_init              scene_22_init
     00000010  ___bank_scene_22_projectiles       scene_22_projectiles
     00000010  ___bank_scene_23                   scene_23
     00000010  ___bank_scene_23_init              scene_23_init
     00000010  ___bank_scene_23_projectiles       scene_23_projectiles
     00000010  ___bank_scene_24                   scene_24
     00000010  ___bank_scene_24_init              scene_24_init
     00000010  ___bank_scene_24_projectiles       scene_24_projectiles
     00000010  ___bank_scene_25                   scene_25
     00000010  ___bank_scene_25_init              scene_25_init
     00000010  ___bank_scene_26                   scene_26
     00000010  ___bank_scene_26_init              scene_26_init
     00000010  ___bank_scene_27                   scene_27
     00000010  ___bank_scene_27_init              scene_27_init
     00000010  ___bank_scene_28                   scene_28
     00000010  ___bank_scene_28_init              scene_28_init
     00000010  ___bank_scene_29                   scene_29
     00000010  ___bank_scene_29_init              scene_29_init
     00000010  ___bank_scene_2_init               scene_2_init
     00000010  ___bank_scene_2_projectiles        scene_2_projectiles
     00000010  ___bank_scene_2_triggers           scene_2_triggers
     00000010  ___bank_scene_3                    scene_3
     00000010  ___bank_scene_30                   scene_30
     00000010  ___bank_scene_30_init              scene_30_init
     00000010  ___bank_scene_31                   scene_31
     00000010  ___bank_scene_31_init              scene_31_init
     00000010  ___bank_scene_32                   scene_32
     00000010  ___bank_scene_32_init              scene_32_init
     00000010  ___bank_scene_33                   scene_33
     00000010  ___bank_scene_33_init              scene_33_init
     00000010  ___bank_scene_34                   scene_34
     00000010  ___bank_scene_34_init              scene_34_init
     00000010  ___bank_scene_35                   scene_35
     00000010  ___bank_scene_35_init              scene_35_init
     00000010  ___bank_scene_36                   scene_36
     00000010  ___bank_scene_36_init              scene_36_init
     00000010  ___bank_scene_37                   scene_37
     00000010  ___bank_scene_37_init              scene_37_init
     00000010  ___bank_scene_38                   scene_38
     00000010  ___bank_scene_38_init              scene_38_init
     00000010  ___bank_scene_39                   scene_39
     00000010  ___bank_scene_39_init              scene_39_init
     00000010  ___bank_scene_3_init               scene_3_init
     00000010  ___bank_scene_4                    scene_4
     00000010  ___bank_scene_40                   scene_40
     00000010  ___bank_scene_40_init              scene_40_init
ASxxxx Linker V03.00/V05.40 + sdld,  page 15.
Hexadecimal  [32-Bits]

Area                                    Addr        Size        Decimal Bytes (Attributes)
--------------------------------        ----        ----        ------- ----- ------------
.  .ABS.                            00000000    00000000 =           0. bytes (ABS,CON)

      Value  Global                              Global Defined In Module
      -----  --------------------------------   ------------------------
     00000010  ___bank_scene_41                   scene_41
     00000010  ___bank_scene_41_init              scene_41_init
     00000010  ___bank_scene_42                   scene_42
     00000010  ___bank_scene_42_init              scene_42_init
     00000010  ___bank_scene_43                   scene_43
     00000010  ___bank_scene_43_init              scene_43_init
     00000010  ___bank_scene_4_init               scene_4_init
     00000010  ___bank_scene_5                    scene_5
     00000010  ___bank_scene_5_init               scene_5_init
     00000010  ___bank_scene_5_triggers           scene_5_triggers
     00000010  ___bank_scene_6                    scene_6
     00000010  ___bank_scene_6_init               scene_6_init
     00000010  ___bank_scene_7                    scene_7
     00000010  ___bank_scene_7_init               scene_7_init
     00000010  ___bank_scene_7_projectiles        scene_7_projectiles
     00000010  ___bank_scene_8                    scene_8
     00000010  ___bank_scene_8_init               scene_8_init
     00000010  ___bank_scene_8_triggers           scene_8_triggers
     00000010  ___bank_scene_9                    scene_9
     00000010  ___bank_scene_9_init               scene_9_init
     00000010  ___bank_scene_9_triggers           scene_9_triggers
     00000010  ___bank_script_input_0             script_input_0
     00000010  ___bank_script_input_1             script_input_1
     00000010  ___bank_script_input_10            script_input_10
     00000010  ___bank_script_input_11            script_input_11
     00000010  ___bank_script_input_12            script_input_12
     00000010  ___bank_script_input_13            script_input_13
     00000010  ___bank_script_input_14            script_input_14
     00000010  ___bank_script_input_15            script_input_15
     00000010  ___bank_script_input_16            script_input_16
     00000010  ___bank_script_input_17            script_input_17
     00000010  ___bank_script_input_18            script_input_18
     00000010  ___bank_script_input_19            script_input_19
     00000010  ___bank_script_input_2             script_input_2
     00000010  ___bank_script_input_20            script_input_20
     00000010  ___bank_script_input_21            script_input_21
     00000010  ___bank_script_input_22            script_input_22
     00000010  ___bank_script_input_23            script_input_23
     00000010  ___bank_script_input_24            script_input_24
     00000010  ___bank_script_input_25            script_input_25
     00000010  ___bank_script_input_26            script_input_26
     00000010  ___bank_script_input_27            script_input_27
     00000010  ___bank_script_input_28            script_input_28
     00000010  ___bank_script_input_29            script_input_29
     00000010  ___bank_script_input_3             script_input_3
     00000010  ___bank_script_input_30            script_input_30
     00000010  ___bank_script_input_31            script_input_31
     00000010  ___bank_script_input_32            script_input_32
     00000010  ___bank_script_input_33            script_input_33
     00000010  ___bank_script_input_34            script_input_34
     00000010  ___bank_script_input_35            script_input_35
ASxxxx Linker V03.00/V05.40 + sdld,  page 16.
Hexadecimal  [32-Bits]

Area                                    Addr        Size        Decimal Bytes (Attributes)
--------------------------------        ----        ----        ------- ----- ------------
.  .ABS.                            00000000    00000000 =           0. bytes (ABS,CON)

      Value  Global                              Global Defined In Module
      -----  --------------------------------   ------------------------
     00000010  ___bank_script_input_36            script_input_36
     00000010  ___bank_script_input_37            script_input_37
     00000010  ___bank_script_input_38            script_input_38
     00000010  ___bank_script_input_39            script_input_39
     00000010  ___bank_script_input_4             script_input_4
     00000010  ___bank_script_input_40            script_input_40
     00000010  ___bank_script_input_41            script_input_41
     00000010  ___bank_script_input_42            script_input_42
     00000010  ___bank_script_input_5             script_input_5
     00000010  ___bank_script_input_6             script_input_6
     00000010  ___bank_script_input_7             script_input_7
     00000010  ___bank_script_input_8             script_input_8
     00000010  ___bank_script_input_9             script_input_9
     00000010  ___bank_sound_hurt_vgm             sound_hurt_vgm
     00000010  ___bank_sprite_cockroach_misfort   sprite_cockroach_misfortune
     00000010  ___bank_sprite_cockroach_misfort   sprite_cockroach_misfortune_
     00000010  ___bank_sprite_fly                 sprite_fly
     00000010  ___bank_sprite_invisble            sprite_invisble
     00000010  ___bank_sprite_mantis_minion       sprite_mantis_minion
     00000010  ___bank_sprite_mantis_minion_til   sprite_mantis_minion_tileset
     00000010  ___bank_spritesheet_none           spritesheet_none
     00000010  ___bank_trigger_0_interact         trigger_0_interact
     00000010  ___bank_trigger_10_interact        trigger_10_interact
     00000010  ___bank_trigger_11_interact        trigger_11_interact
     00000010  ___bank_trigger_12_interact        trigger_12_interact
     00000010  ___bank_trigger_13_interact        trigger_13_interact
     00000010  ___bank_trigger_14_interact        trigger_14_interact
     00000010  ___bank_trigger_15_interact        trigger_15_interact
     00000010  ___bank_trigger_16_interact        trigger_16_interact
     00000010  ___bank_trigger_17_interact        trigger_17_interact
     00000010  ___bank_trigger_18_interact        trigger_18_interact
     00000010  ___bank_trigger_19_interact        trigger_19_interact
     00000010  ___bank_trigger_1_interact         trigger_1_interact
     00000010  ___bank_trigger_20_interact        trigger_20_interact
     00000010  ___bank_trigger_21_interact        trigger_21_interact
     00000010  ___bank_trigger_22_interact        trigger_22_interact
     00000010  ___bank_trigger_23_interact        trigger_23_interact
     00000010  ___bank_trigger_24_interact        trigger_24_interact
     00000010  ___bank_trigger_25_interact        trigger_25_interact
     00000010  ___bank_trigger_26_interact        trigger_26_interact
     00000010  ___bank_trigger_27_interact        trigger_27_interact
     00000010  ___bank_trigger_28_interact        trigger_28_interact
     00000010  ___bank_trigger_29_interact        trigger_29_interact
     00000010  ___bank_trigger_2_interact         trigger_2_interact
     00000010  ___bank_trigger_30_interact        trigger_30_interact
     00000010  ___bank_trigger_31_interact        trigger_31_interact
     00000010  ___bank_trigger_32_interact        trigger_32_interact
     00000010  ___bank_trigger_33_interact        trigger_33_interact
     00000010  ___bank_trigger_34_interact        trigger_34_interact
     00000010  ___bank_trigger_35_interact        trigger_35_interact
     00000010  ___bank_trigger_36_interact        trigger_36_interact
ASxxxx Linker V03.00/V05.40 + sdld,  page 17.
Hexadecimal  [32-Bits]

Area                                    Addr        Size        Decimal Bytes (Attributes)
--------------------------------        ----        ----        ------- ----- ------------
.  .ABS.                            00000000    00000000 =           0. bytes (ABS,CON)

      Value  Global                              Global Defined In Module
      -----  --------------------------------   ------------------------
     00000010  ___bank_trigger_37_interact        trigger_37_interact
     00000010  ___bank_trigger_38_interact        trigger_38_interact
     00000010  ___bank_trigger_39_interact        trigger_39_interact
     00000010  ___bank_trigger_3_interact         trigger_3_interact
     00000010  ___bank_trigger_40_interact        trigger_40_interact
     00000010  ___bank_trigger_41_interact        trigger_41_interact
     00000010  ___bank_trigger_42_interact        trigger_42_interact
     00000010  ___bank_trigger_43_interact        trigger_43_interact
     00000010  ___bank_trigger_44_interact        trigger_44_interact
     00000010  ___bank_trigger_45_interact        trigger_45_interact
     00000010  ___bank_trigger_46_interact        trigger_46_interact
     00000010  ___bank_trigger_47_interact        trigger_47_interact
     00000010  ___bank_trigger_48_interact        trigger_48_interact
     00000010  ___bank_trigger_49_interact        trigger_49_interact
     00000010  ___bank_trigger_4_interact         trigger_4_interact
     00000010  ___bank_trigger_50_interact        trigger_50_interact
     00000010  ___bank_trigger_51_interact        trigger_51_interact
     00000010  ___bank_trigger_52_interact        trigger_52_interact
     00000010  ___bank_trigger_53_interact        trigger_53_interact
     00000010  ___bank_trigger_54_interact        trigger_54_interact
     00000010  ___bank_trigger_55_interact        trigger_55_interact
     00000010  ___bank_trigger_56_interact        trigger_56_interact
     00000010  ___bank_trigger_57_interact        trigger_57_interact
     00000010  ___bank_trigger_58_interact        trigger_58_interact
     00000010  ___bank_trigger_59_interact        trigger_59_interact
     00000010  ___bank_trigger_5_interact         trigger_5_interact
     00000010  ___bank_trigger_60_interact        trigger_60_interact
     00000010  ___bank_trigger_61_interact        trigger_61_interact
     00000010  ___bank_trigger_62_interact        trigger_62_interact
     00000010  ___bank_trigger_63_interact        trigger_63_interact
     00000010  ___bank_trigger_64_interact        trigger_64_interact
     00000010  ___bank_trigger_65_interact        trigger_65_interact
     00000010  ___bank_trigger_66_interact        trigger_66_interact
     00000010  ___bank_trigger_67_interact        trigger_67_interact
     00000010  ___bank_trigger_68_interact        trigger_68_interact
     00000010  ___bank_trigger_69_interact        trigger_69_interact
     00000010  ___bank_trigger_6_interact         trigger_6_interact
     00000010  ___bank_trigger_70_interact        trigger_70_interact
     00000010  ___bank_trigger_71_interact        trigger_71_interact
     00000010  ___bank_trigger_72_interact        trigger_72_interact
     00000010  ___bank_trigger_73_interact        trigger_73_interact
     00000010  ___bank_trigger_74_interact        trigger_74_interact
     00000010  ___bank_trigger_75_interact        trigger_75_interact
     00000010  ___bank_trigger_76_interact        trigger_76_interact
     00000010  ___bank_trigger_77_interact        trigger_77_interact
     00000010  ___bank_trigger_78_interact        trigger_78_interact
     00000010  ___bank_trigger_79_interact        trigger_79_interact
     00000010  ___bank_trigger_7_interact         trigger_7_interact
     00000010  ___bank_trigger_80_interact        trigger_80_interact
     00000010  ___bank_trigger_81_interact        trigger_81_interact
     00000010  ___bank_trigger_82_interact        trigger_82_interact
ASxxxx Linker V03.00/V05.40 + sdld,  page 18.
Hexadecimal  [32-Bits]

Area                                    Addr        Size        Decimal Bytes (Attributes)
--------------------------------        ----        ----        ------- ----- ------------
.  .ABS.                            00000000    00000000 =           0. bytes (ABS,CON)

      Value  Global                              Global Defined In Module
      -----  --------------------------------   ------------------------
     00000010  ___bank_trigger_83_interact        trigger_83_interact
     00000010  ___bank_trigger_84_interact        trigger_84_interact
     00000010  ___bank_trigger_85_interact        trigger_85_interact
     00000010  ___bank_trigger_86_interact        trigger_86_interact
     00000010  ___bank_trigger_8_interact         trigger_8_interact
     00000010  ___bank_trigger_9_interact         trigger_9_interact
     00000010  b_CGBZeroPalette                   palette
     00000010  b_SIO_init                         sio
     00000010  b_camera_init                      camera
     00000010  b_camera_reset                     camera
     00000010  b_palette_init                     palette
     00000010  b_scroll_rect                      
     00000011  ___bank_bg_bigforest               bg_bigforest
     00000011  ___bank_bg_broke_king_room         bg_broke_king_room
     00000011  ___bank_bg_castle                  bg_castle
     00000011  ___bank_bg_cave                    bg_cave
     00000011  ___bank_bg_cave_castle             bg_cave_castle
     00000011  ___bank_bg_final_boss              bg_final_boss
     00000011  ___bank_bg_fminiboss               bg_fminiboss
     00000011  ___bank_bg_forest_area             bg_forest_area
     00000011  ___bank_bg_forest_miniboss         bg_forest_miniboss
     00000011  ___bank_bg_fpath                   bg_fpath
     00000011  ___bank_bg_grave                   bg_grave
     00000011  ___bank_bg_home1_living_room       bg_home1_living_room
     00000011  ___bank_bg_house                   bg_house
     00000011  ___bank_bg_mc_room                 bg_mc_room
     00000011  ___bank_bg_mushroom_isla1          bg_mushroom_isla1
     00000011  ___bank_bg_mushroom_isla2          bg_mushroom_isla2
     00000011  ___bank_bg_mushroom_isla3          bg_mushroom_isla3
     00000011  ___bank_bg_mushroom_miniboss       bg_mushroom_miniboss
     00000011  ___bank_bg_path_to_m1              bg_path_to_m1
     00000011  ___bank_bg_path_to_m2              bg_path_to_m2
     00000011  ___bank_bg_path_to_m3              bg_path_to_m3
     00000011  ___bank_bg_path_to_mushroom_mini   bg_path_to_mushroom_minibos
     00000011  ___bank_bg_spawn_area              bg_spawn_area
     00000011  ___bank_bg_village_next_castle     bg_village_next_castle
     00000011  ___bank_bg_water_path1             bg_water_path1
     00000011  ___bank_scene_10_sprites           scene_10_sprites
     00000011  ___bank_scene_10_triggers          scene_10_triggers
     00000011  ___bank_scene_11_sprites           scene_11_sprites
     00000011  ___bank_scene_11_triggers          scene_11_triggers
     00000011  ___bank_scene_13_sprites           scene_13_sprites
     00000011  ___bank_scene_13_triggers          scene_13_triggers
     00000011  ___bank_scene_14_triggers          scene_14_triggers
     00000011  ___bank_scene_15_triggers          scene_15_triggers
     00000011  ___bank_scene_16_sprites           scene_16_sprites
     00000011  ___bank_scene_16_triggers          scene_16_triggers
     00000011  ___bank_scene_17_sprites           scene_17_sprites
     00000011  ___bank_scene_17_triggers          scene_17_triggers
     00000011  ___bank_scene_18_sprites           scene_18_sprites
     00000011  ___bank_scene_19_triggers          scene_19_triggers
ASxxxx Linker V03.00/V05.40 + sdld,  page 19.
Hexadecimal  [32-Bits]

Area                                    Addr        Size        Decimal Bytes (Attributes)
--------------------------------        ----        ----        ------- ----- ------------
.  .ABS.                            00000000    00000000 =           0. bytes (ABS,CON)

      Value  Global                              Global Defined In Module
      -----  --------------------------------   ------------------------
     00000011  ___bank_scene_20_sprites           scene_20_sprites
     00000011  ___bank_scene_20_triggers          scene_20_triggers
     00000011  ___bank_scene_21_sprites           scene_21_sprites
     00000011  ___bank_scene_21_triggers          scene_21_triggers
     00000011  ___bank_scene_22_sprites           scene_22_sprites
     00000011  ___bank_scene_22_triggers          scene_22_triggers
     00000011  ___bank_scene_23_sprites           scene_23_sprites
     00000011  ___bank_scene_23_triggers          scene_23_triggers
     00000011  ___bank_scene_24_sprites           scene_24_sprites
     00000011  ___bank_scene_24_triggers          scene_24_triggers
     00000011  ___bank_scene_25_projectiles       scene_25_projectiles
     00000011  ___bank_scene_25_sprites           scene_25_sprites
     00000011  ___bank_scene_25_triggers          scene_25_triggers
     00000011  ___bank_scene_26_projectiles       scene_26_projectiles
     00000011  ___bank_scene_26_sprites           scene_26_sprites
     00000011  ___bank_scene_26_triggers          scene_26_triggers
     00000011  ___bank_scene_27_projectiles       scene_27_projectiles
     00000011  ___bank_scene_27_sprites           scene_27_sprites
     00000011  ___bank_scene_27_triggers          scene_27_triggers
     00000011  ___bank_scene_28_projectiles       scene_28_projectiles
     00000011  ___bank_scene_28_sprites           scene_28_sprites
     00000011  ___bank_scene_28_triggers          scene_28_triggers
     00000011  ___bank_scene_29_projectiles       scene_29_projectiles
     00000011  ___bank_scene_29_sprites           scene_29_sprites
     00000011  ___bank_scene_29_triggers          scene_29_triggers
     00000011  ___bank_scene_30_projectiles       scene_30_projectiles
     00000011  ___bank_scene_30_sprites           scene_30_sprites
     00000011  ___bank_scene_30_triggers          scene_30_triggers
     00000011  ___bank_scene_31_projectiles       scene_31_projectiles
     00000011  ___bank_scene_31_sprites           scene_31_sprites
     00000011  ___bank_scene_31_triggers          scene_31_triggers
     00000011  ___bank_scene_32_projectiles       scene_32_projectiles
     00000011  ___bank_scene_32_sprites           scene_32_sprites
     00000011  ___bank_scene_32_triggers          scene_32_triggers
     00000011  ___bank_scene_33_projectiles       scene_33_projectiles
     00000011  ___bank_scene_33_sprites           scene_33_sprites
     00000011  ___bank_scene_33_triggers          scene_33_triggers
     00000011  ___bank_scene_34_projectiles       scene_34_projectiles
     00000011  ___bank_scene_34_sprites           scene_34_sprites
     00000011  ___bank_scene_34_triggers          scene_34_triggers
     00000011  ___bank_scene_35_projectiles       scene_35_projectiles
     00000011  ___bank_scene_35_sprites           scene_35_sprites
     00000011  ___bank_scene_35_triggers          scene_35_triggers
     00000011  ___bank_scene_36_projectiles       scene_36_projectiles
     00000011  ___bank_scene_36_sprites           scene_36_sprites
     00000011  ___bank_scene_36_triggers          scene_36_triggers
     00000011  ___bank_scene_37_projectiles       scene_37_projectiles
     00000011  ___bank_scene_37_sprites           scene_37_sprites
     00000011  ___bank_scene_37_triggers          scene_37_triggers
     00000011  ___bank_scene_38_projectiles       scene_38_projectiles
     00000011  ___bank_scene_38_sprites           scene_38_sprites
ASxxxx Linker V03.00/V05.40 + sdld,  page 20.
Hexadecimal  [32-Bits]

Area                                    Addr        Size        Decimal Bytes (Attributes)
--------------------------------        ----        ----        ------- ----- ------------
.  .ABS.                            00000000    00000000 =           0. bytes (ABS,CON)

      Value  Global                              Global Defined In Module
      -----  --------------------------------   ------------------------
     00000011  ___bank_scene_38_triggers          scene_38_triggers
     00000011  ___bank_scene_39_projectiles       scene_39_projectiles
     00000011  ___bank_scene_39_sprites           scene_39_sprites
     00000011  ___bank_scene_39_triggers          scene_39_triggers
     00000011  ___bank_scene_3_projectiles        scene_3_projectiles
     00000011  ___bank_scene_3_sprites            scene_3_sprites
     00000011  ___bank_scene_3_triggers           scene_3_triggers
     00000011  ___bank_scene_40_projectiles       scene_40_projectiles
     00000011  ___bank_scene_40_sprites           scene_40_sprites
     00000011  ___bank_scene_40_triggers          scene_40_triggers
     00000011  ___bank_scene_41_projectiles       scene_41_projectiles
     00000011  ___bank_scene_41_sprites           scene_41_sprites
     00000011  ___bank_scene_41_triggers          scene_41_triggers
     00000011  ___bank_scene_42_projectiles       scene_42_projectiles
     00000011  ___bank_scene_42_sprites           scene_42_sprites
     00000011  ___bank_scene_42_triggers          scene_42_triggers
     00000011  ___bank_scene_43_projectiles       scene_43_projectiles
     00000011  ___bank_scene_43_sprites           scene_43_sprites
     00000011  ___bank_scene_43_triggers          scene_43_triggers
     00000011  ___bank_scene_4_projectiles        scene_4_projectiles
     00000011  ___bank_scene_4_sprites            scene_4_sprites
     00000011  ___bank_scene_4_triggers           scene_4_triggers
     00000011  ___bank_scene_5_projectiles        scene_5_projectiles
     00000011  ___bank_scene_5_sprites            scene_5_sprites
     00000011  ___bank_scene_6_projectiles        scene_6_projectiles
     00000011  ___bank_scene_6_sprites            scene_6_sprites
     00000011  ___bank_scene_6_triggers           scene_6_triggers
     00000011  ___bank_scene_7_sprites            scene_7_sprites
     00000011  ___bank_scene_7_triggers           scene_7_triggers
     00000011  ___bank_scene_8_projectiles        scene_8_projectiles
     00000011  ___bank_scene_8_sprites            scene_8_sprites
     00000011  ___bank_scene_9_projectiles        scene_9_projectiles
     00000011  ___bank_scene_9_sprites            scene_9_sprites
     00000011  ___bank_sprite_invisble_tileset    sprite_invisble_tileset
     0000001A  l__INITIALIZED                  
     0000001A  l__INITIALIZER                  
     0000001C  __start_save                    
     00000027  l__GSINIT                       
     00000030  l__HEADER7                      
     00000060  l__HEADER4                      
     000000AB  l__HEADER11                     
     000001CB  l__CRASH_SCRATCH2               
     00000200  s__CODE                         
     000005BA  l__CODE_17                      
     00000ECB  l__CODE                         
     000010CB  s__HOME                         
     00001992  l__DATA                         
     00002000  _rROMB0                            
     00002AAB  l__HOME                         
     00003000  _rROMB1                            
     00003B76  s__BASE                         
ASxxxx Linker V03.00/V05.40 + sdld,  page 21.
Hexadecimal  [32-Bits]

Area                                    Addr        Size        Decimal Bytes (Attributes)
--------------------------------        ----        ----        ------- ----- ------------
.  .ABS.                            00000000    00000000 =           0. bytes (ABS,CON)

      Value  Global                              Global Defined In Module
      -----  --------------------------------   ------------------------
     00003B76  s__CODE_0                       
     00003B76  s__INITIALIZER                  
     00003B76  s__LIT                          
     00003B90  s__GSINIT                       
     00003BB7  s__GSFINAL                      
     00003FFE  l__CODE_16                      
     00003FFE  l__CODE_4                       
     00003FFF  l__CODE_1                       
     00003FFF  l__CODE_14                      
     00003FFF  l__CODE_2                       
     00003FFF  l__CODE_3                       
     00003FFF  l__CODE_5                       
     00003FFF  l__CODE_7                       
     00003FFF  l__CODE_9                       
     00004000  _RTC_SELECT_REG                    vm_rtc
     00004000  _rRAMB                             
     00004000  l__CODE_10                      
     00004000  l__CODE_11                      
     00004000  l__CODE_12                      
     00004000  l__CODE_13                      
     00004000  l__CODE_15                      
     00004000  l__CODE_6                       
     00004000  l__CODE_8                       
     00006000  _RTC_LATCH_REG                     vm_rtc
     00008000  __VRAM                             
     00008000  __VRAM8000                         
     00008800  __VRAM8800                         
     00009000  __VRAM9000                         
     00009800  __SCRN0                            
     00009C00  __SCRN1                            
     0000A000  _RTC_VALUE_REG                     vm_rtc
     0000A000  __SRAM                             
     0000C000  __RAM                              
     0000C000  _shadow_OAM                     
     0000C0A0  s__DATA                         
     0000D000  __RAMBANK                          
     0000DA32  s__BSS                          
     0000DA32  s__INITIALIZED                  
     0000DA4C  s__HEAP                         
     0000DA4C  s__HEAP_END                     
     0000DF00  .STACK                          
     0000DF00  _shadow_OAM2                       absolute
     0000DFA0  _BkgPalette                        absolute
     0000DFE0  _vwf_tile_data                     absolute
     0000FE00  __OAMRAM                           
     0000FF00  _P1_REG                            
     0000FF00  __IO                               
     0000FF01  _SB_REG                            
     0000FF02  _SC_REG                            
     0000FF04  _DIV_REG                           
     0000FF05  _TIMA_REG                          
ASxxxx Linker V03.00/V05.40 + sdld,  page 22.
Hexadecimal  [32-Bits]

Area                                    Addr        Size        Decimal Bytes (Attributes)
--------------------------------        ----        ----        ------- ----- ------------
.  .ABS.                            00000000    00000000 =           0. bytes (ABS,CON)

      Value  Global                              Global Defined In Module
      -----  --------------------------------   ------------------------
     0000FF06  _TMA_REG                           
     0000FF07  _TAC_REG                           
     0000FF0F  _IF_REG                            
     0000FF10  _NR10_REG                          
     0000FF11  _NR11_REG                          
     0000FF12  _NR12_REG                          
     0000FF13  _NR13_REG                          
     0000FF14  _NR14_REG                          
     0000FF16  _NR21_REG                          
     0000FF17  _NR22_REG                          
     0000FF18  _NR23_REG                          
     0000FF19  _NR24_REG                          
     0000FF1A  _NR30_REG                          
     0000FF1B  _NR31_REG                          
[...]
                                          [ sprite_chara2_tileset ]
C:/Users/zhang/AppData/Local/Temp/_gbsbuild/obj/sprite_chara2.rel
                                          [ sprite_chara2 ]
C:/Users/zhang/AppData/Local/Temp/_gbsbuild/obj/sprite_chara3_tileset.rel
                                          [ sprite_chara3_tileset ]
C:/Users/zhang/AppData/Local/Temp/_gbsbuild/obj/sprite_chara3.rel
                                          [ sprite_chara3 ]
C:/Users/zhang/AppData/Local/Temp/_gbsbuild/obj/sprite_chara4_tileset.rel
                                          [ sprite_chara4_tileset ]
C:/Users/zhang/AppData/Local/Temp/_gbsbuild/obj/sprite_chara4.rel
                                          [ sprite_chara4 ]
C:/Users/zhang/AppData/Local/Temp/_gbsbuild/obj/sprite_cockroach_misfortune_tileset.rel
                                          [ sprite_cockroach_misfortune_tile ]
C:/Users/zhang/AppData/Local/Temp/_gbsbuild/obj/sprite_cockroach_misfortune.rel
                                          [ sprite_cockroach_misfortune ]
C:/Users/zhang/AppData/Local/Temp/_gbsbuild/obj/sprite_cockroachus_iii_tileset.rel
                                          [ sprite_cockroachus_iii_tileset ]
C:/Users/zhang/AppData/Local/Temp/_gbsbuild/obj/sprite_cockroachus_iii.rel
                                          [ sprite_cockroachus_iii ]
C:/Users/zhang/AppData/Local/Temp/_gbsbuild/obj/sprite_fly_boss_tileset.rel
                                          [ sprite_fly_boss_tileset ]
C:/Users/zhang/AppData/Local/Temp/_gbsbuild/obj/sprite_fly_boss.rel
                                          [ sprite_fly_boss ]
C:/Users/zhang/AppData/Local/Temp/_gbsbuild/obj/sprite_fly_tileset.rel
                                          [ sprite_fly_tileset ]
C:/Users/zhang/AppData/Local/Temp/_gbsbuild/obj/sprite_fly.rel
                                          [ sprite_fly ]
C:/Users/zhang/AppData/Local/Temp/_gbsbuild/obj/sprite_invisble_tileset.rel
                                          [ sprite_invisble_tileset ]
C:/Users/zhang/AppData/Local/Temp/_gbsbuild/obj/sprite_invisble.rel
                                          [ sprite_invisble ]
C:/Users/zhang/AppData/Local/Temp/_gbsbuild/obj/sprite_mantis_boss_tileset.rel
                                          [ sprite_mantis_boss_tileset ]
C:/Users/zhang/AppData/Local/Temp/_gbsbuild/obj/sprite_mantis_boss.rel
                                          [ sprite_mantis_boss ]
C:/Users/zhang/AppData/Local/Temp/_gbsbuild/obj/sprite_mantis_minion_tileset.rel
                                          [ sprite_mantis_minion_tileset ]
C:/Users/zhang/AppData/Local/Temp/_gbsbuild/obj/sprite_mantis_minion.rel
                                          [ sprite_mantis_minion ]
C:/Users/zhang/AppData/Local/Temp/_gbsbuild/obj/spritesheet_none.rel
                                          [ spritesheet_none ]
C:/Users/zhang/AppData/Local/Temp/_gbsbuild/obj/trigger_0_interact.rel
                                          [ trigger_0_interact ]
C:/Users/zhang/AppData/Local/Temp/_gbsbuild/obj/trigger_1_interact.rel
                                          [ trigger_1_interact ]
C:/Users/zhang/AppData/Local/Temp/_gbsbuild/obj/trigger_10_interact.rel
                                          [ trigger_10_interact ]
C:/Users/zhang/AppData/Local/Temp/_gbsbuild/obj/trigger_11_interact.rel
                                          [ trigger_11_interact ]
C:/Users/zhang/AppData/Local/Temp/_gbsbuild/obj/trigger_12_interact.rel
                                          [ trigger_12_interact ]
C:/Users/zhang/AppData/Local/Temp/_gbsbuild/obj/trigger_13_interact.rel
                                          [ trigger_13_interact ]
C:/Users/zhang/AppData/Local/Temp/_gbsbuild/obj/trigger_14_interact.rel
                                          [ trigger_14_interact ]
C:/Users/zhang/AppData/Local/Temp/_gbsbuild/obj/trigger_15_interact.rel
                                          [ trigger_15_interact ]
C:/Users/zhang/AppData/Local/Temp/_gbsbuild/obj/trigger_16_interact.rel
                                          [ trigger_16_interact ]
C:/Users/zhang/AppData/Local/Temp/_gbsbuild/obj/trigger_17_interact.rel
                                          [ trigger_17_interact ]
C:/Users/zhang/AppData/Local/Temp/_gbsbuild/obj/trigger_18_interact.rel
                                          [ trigger_18_interact ]
C:/Users/zhang/AppData/Local/Temp/_gbsbuild/obj/trigger_19_interact.rel
                                          [ trigger_19_interact ]
C:/Users/zhang/AppData/Local/Temp/_gbsbuild/obj/trigger_2_interact.rel
                                          [ trigger_2_interact ]
C:/Users/zhang/AppData/Local/Temp/_gbsbuild/obj/trigger_20_interact.rel
                                          [ trigger_20_interact ]
C:/Users/zhang/AppData/Local/Temp/_gbsbuild/obj/trigger_21_interact.rel
                                          [ trigger_21_interact ]
C:/Users/zhang/AppData/Local/Temp/_gbsbuild/obj/trigger_22_interact.rel
                                          [ trigger_22_interact ]
C:/Users/zhang/AppData/Local/Temp/_gbsbuild/obj/trigger_23_interact.rel
                                          [ trigger_23_interact ]
C:/Users/zhang/AppData/Local/Temp/_gbsbuild/obj/trigger_24_interact.rel
                                          [ trigger_24_interact ]
C:/Users/zhang/AppData/Local/Temp/_gbsbuild/obj/trigger_25_interact.rel
                                          [ trigger_25_interact ]
C:/Users/zhang/AppData/Local/Temp/_gbsbuild/obj/trigger_26_interact.rel
                                          [ trigger_26_interact ]
C:/Users/zhang/AppData/Local/Temp/_gbsbuild/obj/trigger_27_interact.rel
                                          [ trigger_27_interact ]
C:/Users/zhang/AppData/Local/Temp/_gbsbuild/obj/trigger_28_interact.rel
                                          [ trigger_28_interact ]
C:/Users/zhang/AppData/Local/Temp/_gbsbuild/obj/trigger_29_interact.rel
                                          [ trigger_29_interact ]
C:/Users/zhang/AppData/Local/Temp/_gbsbuild/obj/trigger_3_interact.rel
                                          [ trigger_3_interact ]
C:/Users/zhang/AppData/Local/Temp/_gbsbuild/obj/trigger_30_interact.rel
                                          [ trigger_30_interact ]
C:/Users/zhang/AppData/Local/Temp/_gbsbuild/obj/trigger_31_interact.rel
                                          [ trigger_31_interact ]
C:/Users/zhang/AppData/Local/Temp/_gbsbuild/obj/trigger_32_interact.rel
                                          [ trigger_32_interact ]
C:/Users/zhang/AppData/Local/Temp/_gbsbuild/obj/trigger_33_interact.rel
                                          [ trigger_33_interact ]
C:/Users/zhang/AppData/Local/Temp/_gbsbuild/obj/trigger_34_interact.rel
                                          [ trigger_34_interact ]
C:/Users/zhang/AppData/Local/Temp/_gbsbuild/obj/trigger_35_interact.rel
                                          [ trigger_35_interact ]
C:/Users/zhang/AppData/Local/Temp/_gbsbuild/obj/trigger_36_interact.rel
                                          [ trigger_36_interact ]
C:/Users/zhang/AppData/Local/Temp/_gbsbuild/obj/trigger_37_interact.rel
                                          [ trigger_37_interact ]
C:/Users/zhang/AppData/Local/Temp/_gbsbuild/obj/trigger_38_interact.rel
                                          [ trigger_38_interact ]
C:/Users/zhang/AppData/Local/Temp/_gbsbuild/obj/trigger_39_interact.rel
                                          [ trigger_39_interact ]
C:/Users/zhang/AppData/Local/Temp/_gbsbuild/obj/trigger_4_interact.rel
                                          [ trigger_4_interact ]
C:/Users/zhang/AppData/Local/Temp/_gbsbuild/obj/trigger_40_interact.rel
                                          [ trigger_40_interact ]
C:/Users/zhang/AppData/Local/Temp/_gbsbuild/obj/trigger_41_interact.rel
                                          [ trigger_41_interact ]
C:/Users/zhang/AppData/Local/Temp/_gbsbuild/obj/trigger_42_interact.rel
                                          [ trigger_42_interact ]
C:/Users/zhang/AppData/Local/Temp/_gbsbuild/obj/trigger_43_interact.rel
                                          [ trigger_43_interact ]
C:/Users/zhang/AppData/Local/Temp/_gbsbuild/obj/trigger_44_interact.rel
                                          [ trigger_44_interact ]
C:/Users/zhang/AppData/Local/Temp/_gbsbuild/obj/trigger_45_interact.rel
                                          [ trigger_45_interact ]
C:/Users/zhang/AppData/Local/Temp/_gbsbuild/obj/trigger_46_interact.rel
                                          [ trigger_46_interact ]
C:/Users/zhang/AppData/Local/Temp/_gbsbuild/obj/trigger_47_interact.rel
                                          [ trigger_47_interact ]
C:/Users/zhang/AppData/Local/Temp/_gbsbuild/obj/trigger_48_interact.rel
                                          [ trigger_48_interact ]
C:/Users/zhang/AppData/Local/Temp/_gbsbuild/obj/trigger_49_interact.rel
                                          [ trigger_49_interact ]
C:/Users/zhang/AppData/Local/Temp/_gbsbuild/obj/trigger_5_interact.rel
                                          [ trigger_5_interact ]
C:/Users/zhang/AppData/Local/Temp/_gbsbuild/obj/trigger_50_interact.rel
                                          [ trigger_50_interact ]
C:/Users/zhang/AppData/Local/Temp/_gbsbuild/obj/trigger_51_interact.rel
                                          [ trigger_51_interact ]
C:/Users/zhang/AppData/Local/Temp/_gbsbuild/obj/trigger_52_interact.rel
                                          [ trigger_52_interact ]
C:/Users/zhang/AppData/Local/Temp/_gbsbuild/obj/trigger_53_interact.rel
                                          [ trigger_53_interact ]
C:/Users/zhang/AppData/Local/Temp/_gbsbuild/obj/trigger_54_interact.rel
                                          [ trigger_54_interact ]
C:/Users/zhang/AppData/Local/Temp/_gbsbuild/obj/trigger_55_interact.rel
                                          [ trigger_55_interact ]
C:/Users/zhang/AppData/Local/Temp/_gbsbuild/obj/trigger_56_interact.rel
                                          [ trigger_56_interact ]
C:/Users/zhang/AppData/Local/Temp/_gbsbuild/obj/trigger_57_interact.rel
                                          [ trigger_57_interact ]
C:/Users/zhang/AppData/Local/Temp/_gbsbuild/obj/trigger_58_interact.rel
                                          [ trigger_58_interact ]
C:/Users/zhang/AppData/Local/Temp/_gbsbuild/obj/trigger_59_interact.rel
                                          [ trigger_59_interact ]
C:/Users/zhang/AppData/Local/Temp/_gbsbuild/obj/trigger_6_interact.rel
                                          [ trigger_6_interact ]
C:/Users/zhang/AppData/Local/Temp/_gbsbuild/obj/trigger_60_interact.rel
                                          [ trigger_60_interact ]
C:/Users/zhang/AppData/Local/Temp/_gbsbuild/obj/trigger_61_interact.rel
                                          [ trigger_61_interact ]
C:/Users/zhang/AppData/Local/Temp/_gbsbuild/obj/trigger_62_interact.rel
                                          [ trigger_62_interact ]
C:/Users/zhang/AppData/Local/Temp/_gbsbuild/obj/trigger_63_interact.rel
                                          [ trigger_63_interact ]
C:/Users/zhang/AppData/Local/Temp/_gbsbuild/obj/trigger_64_interact.rel
                                          [ trigger_64_interact ]
C:/Users/zhang/AppData/Local/Temp/_gbsbuild/obj/trigger_65_interact.rel
                                          [ trigger_65_interact ]
C:/Users/zhang/AppData/Local/Temp/_gbsbuild/obj/trigger_66_interact.rel
                                          [ trigger_66_interact ]
C:/Users/zhang/AppData/Local/Temp/_gbsbuild/obj/trigger_67_interact.rel
                                          [ trigger_67_interact ]
C:/Users/zhang/AppData/Local/Temp/_gbsbuild/obj/trigger_68_interact.rel
                                          [ trigger_68_interact ]
C:/Users/zhang/AppData/Local/Temp/_gbsbuild/obj/trigger_69_interact.rel
                                          [ trigger_69_interact ]
C:/Users/zhang/AppData/Local/Temp/_gbsbuild/obj/trigger_7_interact.rel
                                          [ trigger_7_interact ]
C:/Users/zhang/AppData/Local/Temp/_gbsbuild/obj/trigger_70_interact.rel
                                          [ trigger_70_interact ]
C:/Users/zhang/AppData/Local/Temp/_gbsbuild/obj/trigger_71_interact.rel
                                          [ trigger_71_interact ]
C:/Users/zhang/AppData/Local/Temp/_gbsbuild/obj/trigger_72_interact.rel
                                          [ trigger_72_interact ]
C:/Users/zhang/AppData/Local/Temp/_gbsbuild/obj/trigger_73_interact.rel
                                          [ trigger_73_interact ]
C:/Users/zhang/AppData/Local/Temp/_gbsbuild/obj/trigger_74_interact.rel
                                          [ trigger_74_interact ]
C:/Users/zhang/AppData/Local/Temp/_gbsbuild/obj/trigger_75_interact.rel
                                          [ trigger_75_interact ]
C:/Users/zhang/AppData/Local/Temp/_gbsbuild/obj/trigger_76_interact.rel
                                          [ trigger_76_interact ]
C:/Users/zhang/AppData/Local/Temp/_gbsbuild/obj/trigger_77_interact.rel
                                          [ trigger_77_interact ]
C:/Users/zhang/AppData/Local/Temp/_gbsbuild/obj/trigger_78_interact.rel
                                          [ trigger_78_interact ]
C:/Users/zhang/AppData/Local/Temp/_gbsbuild/obj/trigger_79_interact.rel
                                          [ trigger_79_interact ]
C:/Users/zhang/AppData/Local/Temp/_gbsbuild/obj/trigger_8_interact.rel
                                          [ trigger_8_interact ]
C:/Users/zhang/AppData/Local/Temp/_gbsbuild/obj/trigger_80_interact.rel
                                          [ trigger_80_interact ]
C:/Users/zhang/AppData/Local/Temp/_gbsbuild/obj/trigger_81_interact.rel
                                          [ trigger_81_interact ]
C:/Users/zhang/AppData/Local/Temp/_gbsbuild/obj/trigger_82_interact.rel
                                          [ trigger_82_interact ]
C:/Users/zhang/AppData/Local/Temp/_gbsbuild/obj/trigger_83_interact.rel
                                          [ trigger_83_interact ]
C:/Users/zhang/AppData/Local/Temp/_gbsbuild/obj/trigger_84_interact.rel
                                          [ trigger_84_interact ]
C:/Users/zhang/AppData/Local/Temp/_gbsbuild/obj/trigger_85_interact.rel
                                          [ trigger_85_interact ]
C:/Users/zhang/AppData/Local/Temp/_gbsbuild/obj/trigger_86_interact.rel
                                          [ trigger_86_interact ]
C:/Users/zhang/AppData/Local/Temp/_gbsbuild/obj/trigger_9_interact.rel
                                          [ trigger_9_interact ]
C:/Users/zhang/AppData/Local/Temp/_gbsbuild/obj/main.rel
                                          [ main ]
C:/Users/zhang/AppData/Local/Temp/_gbsbuild/obj/adventure.rel
                                          [ adventure ]
C:/Users/zhang/AppData/Local/Temp/_gbsbuild/obj/logo.rel
                                          [ logo ]
C:/Users/zhang/AppData/Local/Temp/_gbsbuild/obj/platform.rel
                                          [ platform ]
C:/Users/zhang/AppData/Local/Temp/_gbsbuild/obj/pointnclick.rel
                                          [ pointnclick ]
C:/Users/zhang/AppData/Local/Temp/_gbsbuild/obj/shmup.rel
                                          [ shmup ]
C:/Users/zhang/AppData/Local/Temp/_gbsbuild/obj/states_ptrs.rel
                                          [  ]
C:/Users/zhang/AppData/Local/Temp/_gbsbuild/obj/topdown.rel
                                          [ topdown ]


Libraries Linked                          [ object file ]

C:\Users\zhang\AppData\Local\Temp/_gbstools/gbdk/lib/gb/gb.lib
                                          [ fill_rect_wi.o ]
C:\Users\zhang\AppData\Local\Temp/_gbstools/gbdk/lib/sm83/sm83.lib
                                          [ rand.o ]
lib/hUGEDriver.lib                        [ hUGEDriver.o ]
C:\Users\zhang\AppData\Local\Temp/_gbstools/gbdk/lib/gb/gb.lib
                                          [ sfr.o ]
C:\Users\zhang\AppData\Local\Temp/_gbstools/gbdk/lib/gb/gb.lib
                                          [ get_data.o ]
C:\Users\zhang\AppData\Local\Temp/_gbstools/gbdk/lib/gb/gb.lib
                                          [ get_tile.o ]
C:\Users\zhang\AppData\Local\Temp/_gbstools/gbdk/lib/gb/gb.lib
                                          [ cgb_palettes.o ]
C:\Users\zhang\AppData\Local\Temp/_gbstools/gbdk/lib/gb/gb.lib
                                          [ metasprites_hide_spr.o ]
C:\Users\zhang\AppData\Local\Temp/_gbstools/gbdk/lib/sm83/sm83.lib
                                          [ mul.o ]
C:\Users\zhang\AppData\Local\Temp/_gbstools/gbdk/lib/gb/gb.lib
                                          [ set_tile.o ]
C:\Users\zhang\AppData\Local\Temp/_gbstools/gbdk/lib/sm83/sm83.lib
                                          [ abs.o ]
C:\Users\zhang\AppData\Local\Temp/_gbstools/gbdk/lib/gb/gb.lib
                                          [ set_wi_t.o ]
C:\Users\zhang\AppData\Local\Temp/_gbstools/gbdk/lib/gb/gb.lib
                                          [ set_data.o ]
C:\Users\zhang\AppData\Local\Temp/_gbstools/gbdk/lib/sm83/sm83.lib
                                          [ reverse.o ]
C:\Users\zhang\AppData\Local\Temp/_gbstools/gbdk/lib/gb/gb.lib
                                          [ far_ptr.o ]
C:\Users\zhang\AppData\Local\Temp/_gbstools/gbdk/lib/gb/gb.lib
                                          [ sgb.o ]
C:\Users\zhang\AppData\Local\Temp/_gbstools/gbdk/lib/gb/gb.lib
                                          [ lcd.o ]
C:\Users\zhang\AppData\Local\Temp/_gbstools/gbdk/lib/gb/gb.lib
                                          [ fill_rect.o ]
C:\Users\zhang\AppData\Local\Temp/_gbstools/gbdk/lib/gb/gb.lib
                                          [ cpy_data.o ]
C:\Users\zhang\AppData\Local\Temp/_gbstools/gbdk/lib/gb/gb.lib
                                          [ fill_rect_bk.o ]
C:\Users\zhang\AppData\Local\Temp/_gbstools/gbdk/lib/gb/gb.lib
                                          [ pad.o ]
C:\Users\zhang\AppData\Local\Temp/_gbstools/gbdk/lib/gb/gb.lib
                                          [ metasprites.o ]
C:\Users\zhang\AppData\Local\Temp/_gbstools/gbdk/lib/sm83/sm83.lib
                                          [ __sdcc_call_hl.o ]
C:\Users\zhang\AppData\Local\Temp/_gbstools/gbdk/lib/sm83/sm83.lib
                                          [ memcpy.o ]
C:\Users\zhang\AppData\Local\Temp/_gbstools/gbdk/lib/sm83/sm83.lib
                                          [ _memset.o ]
C:\Users\zhang\AppData\Local\Temp/_gbstools/gbdk/lib/gb/gb.lib
                                          [ set_xy_t.o ]
C:\Users\zhang\AppData\Local\Temp/_gbstools/gbdk/lib/gb/gb.lib
                                          [ ___sdcc_bcall_ehl.o ]
C:\Users\zhang\AppData\Local\Temp/_gbstools/gbdk/lib/gb/gb.lib
                                          [ cgb.o ]
C:\Users\zhang\AppData\Local\Temp/_gbstools/gbdk/lib/sm83/sm83.lib
                                          [ div.o ]
C:\Users\zhang\AppData\Local\Temp/_gbstools/gbdk/lib/gb/gb.lib
                                          [ set_bk_t.o ]

ASxxxx Linker V03.00/V05.40 + sdld,  page 97.

User Base Address Definitions

_DATA=0xC0A0
_CODE=0x0200
ASxxxx Linker V03.00/V05.40 + sdld,  page 98.

User Global Definitions

.STACK=0xDF00
_shadow_OAM=0xC000
.refresh_OAM=0xFF80
__start_save=28

